// Jest Snapshot v1, https://goo.gl/fbAQLP

exports[`String Concatenation concatenates two strings 1`] = `
<p>
  Loading Players...
</p>
`;
